// Jest Snapshot v1, https://goo.gl/fbAQLP

exports[`Error should render error component 1`] = `
<span
  className="c-eFhfvJ c-eFhfvJ-bpRjqJ-color-red c-eFhfvJ-TkcIS-size-sm c-eFhfvJ-hZNfDR-weight-medium"
>
  Error
</span>
`;
