// Jest Snapshot v1, https://goo.gl/fbAQLP

exports[`UserIcon should render user icon component 1`] = `
<div
  className="c-fBbncp"
/>
`;
