// Jest Snapshot v1, https://goo.gl/fbAQLP

exports[`Card should render card component 1`] = `
<div
  className="c-iRHVgi"
>
  Test
</div>
`;
