// Jest Snapshot v1, https://goo.gl/fbAQLP

exports[`Divider should render card component 1`] = `
<div
  className="c-UcqsO"
/>
`;
