// Jest Snapshot v1, https://goo.gl/fbAQLP

exports[`InputIconContainer should render card component 1`] = `
<div
  className="c-bdGibU"
>
  <i />
</div>
`;
