// Jest Snapshot v1, https://goo.gl/fbAQLP

exports[`Label should render label component 1`] = `
<label
  className="c-bUsXAP c-bUsXAP-fXZMCZ-state-idle"
  htmlFor="teste"
  onMouseDown={[Function]}
>
  Test
</label>
`;
